127.0.0.1 - - [26/Jul/2019:10:05:09 +0900] "GET / HTTP/1.1" 404 1074
192.168.0.61 - - [26/Jul/2019:10:19:42 +0900] "POST /miniboard/community/community_insert.jsp HTTP/1.1" 200 153
127.0.0.1 - - [26/Jul/2019:10:41:30 +0900] "GET / HTTP/1.1" 404 1074
192.168.0.61 - - [26/Jul/2019:10:41:37 +0900] "POST /miniboard/community/community_insert.jsp HTTP/1.1" 200 153
127.0.0.1 - - [26/Jul/2019:10:42:41 +0900] "GET / HTTP/1.1" 404 1074
192.168.0.61 - - [26/Jul/2019:10:42:45 +0900] "POST /miniboard/community/community_insert.jsp HTTP/1.1" 200 27
127.0.0.1 - - [26/Jul/2019:10:53:28 +0900] "GET / HTTP/1.1" 404 1074
192.168.0.61 - - [26/Jul/2019:10:54:33 +0900] "POST /miniboard/community/community_delete.jsp HTTP/1.1" 200 155
192.168.0.61 - - [26/Jul/2019:10:58:36 +0900] "POST /miniboard/community/community_delete.jsp HTTP/1.1" 200 155
127.0.0.1 - - [26/Jul/2019:11:02:00 +0900] "GET / HTTP/1.1" 404 1074
192.168.0.61 - - [26/Jul/2019:11:02:06 +0900] "POST /miniboard/community/community_delete.jsp HTTP/1.1" 200 153
127.0.0.1 - - [26/Jul/2019:11:05:53 +0900] "GET / HTTP/1.1" 404 1074
192.168.0.61 - - [26/Jul/2019:11:06:02 +0900] "POST /miniboard/community/community_delete.jsp HTTP/1.1" 200 153
127.0.0.1 - - [26/Jul/2019:11:13:13 +0900] "GET / HTTP/1.1" 404 1074
192.168.0.61 - - [26/Jul/2019:11:13:27 +0900] "POST /miniboard/community/community_delete.jsp HTTP/1.1" 200 29
192.168.0.61 - - [26/Jul/2019:11:13:36 +0900] "POST /miniboard/community/community_delete.jsp HTTP/1.1" 200 27
127.0.0.1 - - [26/Jul/2019:11:15:13 +0900] "GET / HTTP/1.1" 404 1074
192.168.0.61 - - [26/Jul/2019:11:15:19 +0900] "POST /miniboard/community/community_delete.jsp HTTP/1.1" 200 14
127.0.0.1 - - [26/Jul/2019:11:15:38 +0900] "GET / HTTP/1.1" 404 1074
192.168.0.61 - - [26/Jul/2019:11:15:43 +0900] "POST /miniboard/community/community_delete.jsp HTTP/1.1" 200 29
192.168.0.61 - - [26/Jul/2019:11:18:27 +0900] "POST /miniboard/community/community_insert.jsp HTTP/1.1" 200 29
127.0.0.1 - - [26/Jul/2019:11:46:20 +0900] "GET / HTTP/1.1" 404 1074
192.168.0.61 - - [26/Jul/2019:11:47:32 +0900] "POST /miniboard/community/community_modify.jsp HTTP/1.1" 200 25
127.0.0.1 - - [26/Jul/2019:12:16:08 +0900] "GET / HTTP/1.1" 404 1074
192.168.0.61 - - [26/Jul/2019:12:16:35 +0900] "POST /miniboard/community/community_modify.jsp HTTP/1.1" 200 35
192.168.0.61 - - [26/Jul/2019:12:16:45 +0900] "POST /miniboard/community/community_modify.jsp HTTP/1.1" 200 35
192.168.0.61 - - [26/Jul/2019:12:16:51 +0900] "POST /miniboard/community/community_modify.jsp HTTP/1.1" 500 3063
192.168.0.61 - - [26/Jul/2019:12:17:52 +0900] "POST /miniboard/community/community_modify.jsp HTTP/1.1" 200 37
192.168.0.61 - - [26/Jul/2019:12:17:59 +0900] "POST /miniboard/community/community_modify.jsp HTTP/1.1" 500 3063
127.0.0.1 - - [26/Jul/2019:12:18:41 +0900] "GET / HTTP/1.1" 404 1074
192.168.0.61 - - [26/Jul/2019:12:18:50 +0900] "POST /miniboard/community/community_modify.jsp HTTP/1.1" 200 37
192.168.0.61 - - [26/Jul/2019:12:22:04 +0900] "POST /miniboard/community/community_modify.jsp HTTP/1.1" 500 2809
127.0.0.1 - - [26/Jul/2019:12:23:29 +0900] "GET / HTTP/1.1" 404 1074
192.168.0.61 - - [26/Jul/2019:12:23:36 +0900] "POST /miniboard/community/community_modify.jsp HTTP/1.1" 500 2960
127.0.0.1 - - [26/Jul/2019:12:36:06 +0900] "GET / HTTP/1.1" 404 1074
192.168.0.61 - - [26/Jul/2019:12:36:15 +0900] "POST /miniboard/community/community_modify.jsp HTTP/1.1" 200 33
192.168.0.61 - - [26/Jul/2019:12:36:24 +0900] "POST /miniboard/community/community_modify.jsp HTTP/1.1" 200 33
192.168.0.61 - - [26/Jul/2019:12:38:40 +0900] "POST /miniboard/community/community_modify.jsp HTTP/1.1" 200 31
192.168.0.61 - - [26/Jul/2019:12:38:58 +0900] "POST /miniboard/community/community_modify.jsp HTTP/1.1" 200 33
192.168.0.61 - - [26/Jul/2019:12:39:05 +0900] "POST /miniboard/community/community_modify.jsp HTTP/1.1" 200 33
192.168.0.61 - - [26/Jul/2019:12:39:10 +0900] "POST /miniboard/community/community_modify.jsp HTTP/1.1" 200 33
127.0.0.1 - - [26/Jul/2019:14:33:38 +0900] "GET / HTTP/1.1" 404 1074
192.168.0.61 - - [26/Jul/2019:14:33:59 +0900] "GET /miniboard/community/community_list.jsp HTTP/1.1" 200 264
192.168.0.61 - - [26/Jul/2019:14:35:24 +0900] "GET /miniboard/community/community_list.jsp HTTP/1.1" 200 868
127.0.0.1 - - [26/Jul/2019:14:58:22 +0900] "GET / HTTP/1.1" 404 1074
192.168.0.61 - - [26/Jul/2019:14:58:39 +0900] "GET /miniboard/community/community_select.jsp HTTP/1.1" 500 2920
192.168.0.61 - - [26/Jul/2019:15:01:02 +0900] "POST /miniboard/community/community_select.jsp HTTP/1.1" 500 2920
127.0.0.1 - - [26/Jul/2019:15:03:29 +0900] "GET / HTTP/1.1" 404 1074
192.168.0.61 - - [26/Jul/2019:15:03:38 +0900] "POST /miniboard/community/community_select.jsp HTTP/1.1" 200 29
127.0.0.1 - - [26/Jul/2019:15:06:02 +0900] "GET / HTTP/1.1" 404 1074
192.168.0.61 - - [26/Jul/2019:15:06:07 +0900] "POST /miniboard/community/community_select.jsp HTTP/1.1" 200 29
127.0.0.1 - - [26/Jul/2019:15:13:08 +0900] "GET / HTTP/1.1" 404 1074
192.168.0.61 - - [26/Jul/2019:15:13:13 +0900] "POST /miniboard/community/community_select.jsp HTTP/1.1" 200 29
127.0.0.1 - - [26/Jul/2019:15:14:13 +0900] "GET / HTTP/1.1" 404 1074
192.168.0.61 - - [26/Jul/2019:15:14:17 +0900] "POST /miniboard/community/community_select.jsp HTTP/1.1" 500 2920
127.0.0.1 - - [26/Jul/2019:15:19:57 +0900] "GET / HTTP/1.1" 404 1074
192.168.0.61 - - [26/Jul/2019:15:20:02 +0900] "POST /miniboard/community/community_select.jsp HTTP/1.1" 200 41
192.168.0.61 - - [26/Jul/2019:15:20:11 +0900] "POST /miniboard/community/community_select.jsp HTTP/1.1" 200 41
127.0.0.1 - - [26/Jul/2019:15:22:24 +0900] "GET / HTTP/1.1" 404 1074
192.168.0.61 - - [26/Jul/2019:15:22:31 +0900] "POST /miniboard/community/community_select.jsp HTTP/1.1" 500 2887
192.168.0.61 - - [26/Jul/2019:15:22:58 +0900] "POST /miniboard/community/community_select.jsp HTTP/1.1" 500 2887
192.168.0.61 - - [26/Jul/2019:15:23:10 +0900] "POST /miniboard/community/community_select.jsp HTTP/1.1" 500 2887
192.168.0.61 - - [26/Jul/2019:15:24:24 +0900] "POST /miniboard/community/community_select.jsp HTTP/1.1" 500 2887
127.0.0.1 - - [26/Jul/2019:15:25:38 +0900] "GET / HTTP/1.1" 404 1074
192.168.0.61 - - [26/Jul/2019:15:25:42 +0900] "POST /miniboard/community/community_select.jsp HTTP/1.1" 500 2887
192.168.0.61 - - [26/Jul/2019:15:27:18 +0900] "POST /miniboard/community/community_select.jsp HTTP/1.1" 500 2397
127.0.0.1 - - [26/Jul/2019:15:28:20 +0900] "GET / HTTP/1.1" 404 1074
192.168.0.61 - - [26/Jul/2019:15:28:43 +0900] "POST /miniboard/community/community_select.jsp HTTP/1.1" 200 260
192.168.0.61 - - [26/Jul/2019:15:31:11 +0900] "POST /miniboard/community/community_select.jsp HTTP/1.1" 200 41
192.168.0.61 - - [26/Jul/2019:15:31:27 +0900] "POST /miniboard/community/community_select.jsp HTTP/1.1" 200 41
192.168.0.61 - - [26/Jul/2019:15:31:30 +0900] "POST /miniboard/community/community_select.jsp HTTP/1.1" 200 41
192.168.0.61 - - [26/Jul/2019:15:31:39 +0900] "POST /miniboard/community/community_select.jsp HTTP/1.1" 200 241
192.168.0.61 - - [26/Jul/2019:15:33:51 +0900] "POST /miniboard/community/community_select.jsp HTTP/1.1" 200 241
127.0.0.1 - - [26/Jul/2019:15:36:12 +0900] "GET / HTTP/1.1" 404 1074
192.168.0.61 - - [26/Jul/2019:15:36:20 +0900] "POST /miniboard/community/community_select.jsp HTTP/1.1" 200 243
0:0:0:0:0:0:0:1 - - [26/Jul/2019:15:42:49 +0900] "GET /miniboard/input_com.html HTTP/1.1" 200 272
0:0:0:0:0:0:0:1 - - [26/Jul/2019:15:42:49 +0900] "GET /favicon.ico HTTP/1.1" 404 1085
0:0:0:0:0:0:0:1 - - [26/Jul/2019:15:44:41 +0900] "GET /miniboard/input_com.html HTTP/1.1" 200 696
0:0:0:0:0:0:0:1 - - [26/Jul/2019:15:46:27 +0900] "GET /miniboard/input_com.html HTTP/1.1" 200 726
0:0:0:0:0:0:0:1 - - [26/Jul/2019:15:46:55 +0900] "GET /miniboard/community/community_insert.jsp? HTTP/1.1" 200 29
0:0:0:0:0:0:0:1 - - [26/Jul/2019:15:48:21 +0900] "GET /miniboard/community/community_insert.jsp? HTTP/1.1" 200 29
0:0:0:0:0:0:0:1 - - [26/Jul/2019:15:48:23 +0900] "GET /miniboard/input_com.html HTTP/1.1" 200 802
0:0:0:0:0:0:0:1 - - [26/Jul/2019:15:48:39 +0900] "GET /miniboard/community/community_insert.jsp?user_name=%ED%99%8D%EA%B8%B8%EB%8F%99&user_pwd=12348&email=%ED%99%8D%40naver.com&subject=ghd&content=aojds HTTP/1.1" 200 27
0:0:0:0:0:0:0:1 - - [26/Jul/2019:15:54:47 +0900] "GET /miniboard/community/community_insert.jsp?user_name=%ED%99%8D%EA%B8%B8%EB%8F%99&user_pwd=12348&email=%ED%99%8D%40naver.com&subject=ghd&content=aojds HTTP/1.1" 200 27
0:0:0:0:0:0:0:1 - - [26/Jul/2019:16:11:57 +0900] "GET /miniboard/input_com.html HTTP/1.1" 200 1638
0:0:0:0:0:0:0:1 - - [26/Jul/2019:16:11:57 +0900] "GET /miniboard/css/join.css HTTP/1.1" 200 83
0:0:0:0:0:0:0:1 - - [26/Jul/2019:16:13:16 +0900] "GET /miniboard/input_com.html HTTP/1.1" 304 -
0:0:0:0:0:0:0:1 - - [26/Jul/2019:16:13:16 +0900] "GET /miniboard/css/join.css HTTP/1.1" 200 148
0:0:0:0:0:0:0:1 - - [26/Jul/2019:16:14:18 +0900] "GET /miniboard/input_com.html HTTP/1.1" 200 1642
0:0:0:0:0:0:0:1 - - [26/Jul/2019:16:14:18 +0900] "GET /miniboard/css/join.css HTTP/1.1" 200 202
0:0:0:0:0:0:0:1 - - [26/Jul/2019:16:15:19 +0900] "GET /miniboard/input_com.html HTTP/1.1" 304 -
0:0:0:0:0:0:0:1 - - [26/Jul/2019:16:15:19 +0900] "GET /miniboard/css/join.css HTTP/1.1" 200 252
0:0:0:0:0:0:0:1 - - [26/Jul/2019:16:16:41 +0900] "GET /miniboard/input_com.html HTTP/1.1" 304 -
0:0:0:0:0:0:0:1 - - [26/Jul/2019:16:16:42 +0900] "GET /miniboard/css/join.css HTTP/1.1" 200 339
0:0:0:0:0:0:0:1 - - [26/Jul/2019:16:16:43 +0900] "GET /miniboard/input_com.html HTTP/1.1" 304 -
0:0:0:0:0:0:0:1 - - [26/Jul/2019:16:16:43 +0900] "GET /miniboard/css/join.css HTTP/1.1" 304 -
0:0:0:0:0:0:0:1 - - [26/Jul/2019:16:19:36 +0900] "GET /miniboard/input_com.html HTTP/1.1" 304 -
0:0:0:0:0:0:0:1 - - [26/Jul/2019:16:19:36 +0900] "GET /miniboard/css/join.css HTTP/1.1" 200 456
0:0:0:0:0:0:0:1 - - [26/Jul/2019:16:20:36 +0900] "GET /miniboard/input_com.html HTTP/1.1" 304 -
0:0:0:0:0:0:0:1 - - [26/Jul/2019:16:20:36 +0900] "GET /miniboard/css/join.css HTTP/1.1" 200 517
0:0:0:0:0:0:0:1 - - [26/Jul/2019:16:21:23 +0900] "GET /miniboard/input_com.html HTTP/1.1" 304 -
0:0:0:0:0:0:0:1 - - [26/Jul/2019:16:21:23 +0900] "GET /miniboard/css/join.css HTTP/1.1" 200 551
0:0:0:0:0:0:0:1 - - [26/Jul/2019:16:21:44 +0900] "GET /miniboard/input_com.html HTTP/1.1" 304 -
0:0:0:0:0:0:0:1 - - [26/Jul/2019:16:21:44 +0900] "GET /miniboard/css/join.css HTTP/1.1" 200 577
0:0:0:0:0:0:0:1 - - [26/Jul/2019:16:21:52 +0900] "GET /miniboard/input_com.html HTTP/1.1" 304 -
0:0:0:0:0:0:0:1 - - [26/Jul/2019:16:21:52 +0900] "GET /miniboard/css/join.css HTTP/1.1" 304 -
0:0:0:0:0:0:0:1 - - [26/Jul/2019:16:34:35 +0900] "GET /miniboard/input_com.html HTTP/1.1" 304 -
0:0:0:0:0:0:0:1 - - [26/Jul/2019:16:34:35 +0900] "GET /miniboard/css/join.css HTTP/1.1" 200 574
0:0:0:0:0:0:0:1 - - [26/Jul/2019:16:34:50 +0900] "GET /miniboard/input_com.html HTTP/1.1" 304 -
0:0:0:0:0:0:0:1 - - [26/Jul/2019:16:35:27 +0900] "GET /miniboard/input_com.html HTTP/1.1" 304 -
0:0:0:0:0:0:0:1 - - [26/Jul/2019:16:36:23 +0900] "GET /miniboard/input_com.html HTTP/1.1" 304 -
0:0:0:0:0:0:0:1 - - [26/Jul/2019:16:36:23 +0900] "GET /miniboard/css/join.css HTTP/1.1" 200 603
192.168.0.61 - - [26/Jul/2019:17:13:42 +0900] "POST /practice1/goods/goods_insert.jsp HTTP/1.1" 404 1114
127.0.0.1 - - [26/Jul/2019:17:14:05 +0900] "GET / HTTP/1.1" 404 1074
192.168.0.61 - - [26/Jul/2019:17:14:08 +0900] "POST /practice1/goods/goods_insert.jsp HTTP/1.1" 404 1114
192.168.0.61 - - [26/Jul/2019:17:14:16 +0900] "POST /practice1/goods/goods_insert.jsp HTTP/1.1" 404 1114
192.168.0.61 - - [26/Jul/2019:17:15:01 +0900] "POST /practice1/goods/goods_insert.jsp HTTP/1.1" 404 1114
192.168.0.61 - - [26/Jul/2019:17:15:22 +0900] "GET /practice1/goods/goods_insert.jsp HTTP/1.1" 404 1114
192.168.0.61 - - [26/Jul/2019:17:15:22 +0900] "GET /favicon.ico HTTP/1.1" 404 1085
192.168.0.61 - - [26/Jul/2019:17:17:00 +0900] "GET /miniboard/community/community_select.jsp HTTP/1.1" 200 41
127.0.0.1 - - [26/Jul/2019:17:18:26 +0900] "GET / HTTP/1.1" 404 1074
127.0.0.1 - - [26/Jul/2019:17:18:37 +0900] "GET / HTTP/1.1" 404 1074
0:0:0:0:0:0:0:1 - - [26/Jul/2019:17:18:37 +0900] "GET /practice1/goods/goods_insert.jsp HTTP/1.1" 500 2982
192.168.0.61 - - [26/Jul/2019:17:18:52 +0900] "POST /practice1/goods/goods_insert.jsp HTTP/1.1" 200 25
192.168.0.61 - - [26/Jul/2019:17:18:57 +0900] "POST /practice1/goods/goods_insert.jsp HTTP/1.1" 200 25
127.0.0.1 - - [26/Jul/2019:17:53:19 +0900] "GET / HTTP/1.1" 404 1074
192.168.0.61 - - [26/Jul/2019:17:54:15 +0900] "POST /practice1/goods/goods_delete.jsp HTTP/1.1" 200 20
127.0.0.1 - - [26/Jul/2019:17:55:19 +0900] "GET / HTTP/1.1" 404 1074
192.168.0.61 - - [26/Jul/2019:17:55:24 +0900] "POST /practice1/goods/goods_delete.jsp HTTP/1.1" 200 20
127.0.0.1 - - [26/Jul/2019:17:55:52 +0900] "GET / HTTP/1.1" 404 1074
192.168.0.61 - - [26/Jul/2019:17:55:56 +0900] "POST /practice1/goods/goods_delete.jsp HTTP/1.1" 200 20
127.0.0.1 - - [26/Jul/2019:17:58:03 +0900] "GET / HTTP/1.1" 404 1074
192.168.0.61 - - [26/Jul/2019:17:58:08 +0900] "POST /practice1/goods/goods_delete.jsp HTTP/1.1" 200 18
192.168.0.61 - - [26/Jul/2019:18:00:53 +0900] "POST /practice1/goods/goods_modify.jsp HTTP/1.1" 500 3093
127.0.0.1 - - [26/Jul/2019:18:01:52 +0900] "GET / HTTP/1.1" 404 1074
127.0.0.1 - - [26/Jul/2019:18:03:35 +0900] "GET / HTTP/1.1" 404 1074
192.168.0.61 - - [26/Jul/2019:18:04:59 +0900] "GET /practice1/goods/goods_list.jsp HTTP/1.1" 200 825
192.168.0.61 - - [26/Jul/2019:18:05:36 +0900] "POST /practice1/goods/goods_select.jsp HTTP/1.1" 500 2864
192.168.0.61 - - [26/Jul/2019:18:05:51 +0900] "POST /practice1/goods/goods_select.jsp HTTP/1.1" 200 109
127.0.0.1 - - [26/Jul/2019:18:12:06 +0900] "GET / HTTP/1.1" 404 1074
127.0.0.1 - - [26/Jul/2019:18:14:06 +0900] "GET / HTTP/1.1" 404 1074
127.0.0.1 - - [26/Jul/2019:18:14:29 +0900] "GET / HTTP/1.1" 404 1074
192.168.0.61 - - [26/Jul/2019:18:15:12 +0900] "POST /practice1/goods/goods_modify.jsp HTTP/1.1" 200 16
